// Jest Snapshot v1, https://goo.gl/fbAQLP

exports[`should render Header correctly 1`] = `
<Navbar
  className="header d-flex flex-row justify-content-between"
  collapseOnSelect={false}
  expand={true}
  variant="light"
>
  <div
    className="text-uppercase ml-5 font-weight-bolder mt-1"
  >
    <h2
      className="display-4"
    >
      Recipes-4-u
    </h2>
  </div>
  <div>
    <Link
      to="/"
    >
      <button
        className="px-5 btn btn-lg btn-link rounded-0 text-uppercase h5"
        onClick={[Function]}
        type="button"
      >
        Home
      </button>
    </Link>
    <span
      className="nav-right mx-3 text-uppercase h5"
    >
      About
    </span>
    <span
      className="nav-right mx-3 text-uppercase h5"
    >
      My recipes
    </span>
  </div>
</Navbar>
`;
